MPLINK 5.09, LINKER
Linker Map File - Created Thu Jun 02 15:49:13 2022

                                 Section Info
                  Section       Type    Address   Location Size(Bytes)
                ---------  ---------  ---------  ---------  ---------
                   .org_0       code   0x000000    program   0x00005a
                   .cinit    romdata   0x00002d    program   0x000004
.config_2007_BUILD/DEFAULT/PRODUCTION/TESTE.O       code   0x002007    program   0x000002



                              Program Memory Usage 
                               Start         End      
                           ---------   ---------      
                            0x000000    0x00002e      
                            0x002007    0x002007      
            48 out of 1158 program addresses used, program memory utilization is 4%



                              Symbols - Sorted by Name
                     Name    Address   Location    Storage File                     
                ---------  ---------  ---------  --------- ---------                
                  acionar   0x000001    program     static C:\Users\josen\MPLABXProjects\roderval\teste.X\teste.asm
                 delay_ms   0x000006    program     static C:\Users\josen\MPLABXProjects\roderval\teste.X\teste.asm
                   denovo   0x00000a    program     static C:\Users\josen\MPLABXProjects\roderval\teste.X\teste.asm
                  denovo2   0x000008    program     static C:\Users\josen\MPLABXProjects\roderval\teste.X\teste.asm
                   inicio   0x000014    program     static C:\Users\josen\MPLABXProjects\roderval\teste.X\teste.asm
                     loop   0x000027    program     static C:\Users\josen\MPLABXProjects\roderval\teste.X\teste.asm
                    volta   0x00000c    program     static C:\Users\josen\MPLABXProjects\roderval\teste.X\teste.asm



                              Symbols - Sorted by Address
                     Name    Address   Location    Storage File                     
                ---------  ---------  ---------  --------- ---------                
                  acionar   0x000001    program     static C:\Users\josen\MPLABXProjects\roderval\teste.X\teste.asm
                 delay_ms   0x000006    program     static C:\Users\josen\MPLABXProjects\roderval\teste.X\teste.asm
                  denovo2   0x000008    program     static C:\Users\josen\MPLABXProjects\roderval\teste.X\teste.asm
                   denovo   0x00000a    program     static C:\Users\josen\MPLABXProjects\roderval\teste.X\teste.asm
                    volta   0x00000c    program     static C:\Users\josen\MPLABXProjects\roderval\teste.X\teste.asm
                   inicio   0x000014    program     static C:\Users\josen\MPLABXProjects\roderval\teste.X\teste.asm
                     loop   0x000027    program     static C:\Users\josen\MPLABXProjects\roderval\teste.X\teste.asm


