MPLINK 5.09, LINKER
Linker Map File - Created Sun Jun 19 23:41:18 2022

                                 Section Info
                  Section       Type    Address   Location Size(Bytes)
                ---------  ---------  ---------  ---------  ---------
                   .org_0       code   0x000000    program   0x00004c
                   .cinit    romdata   0x000026    program   0x000004
.config_2007_BUILD/DEFAULT/PRODUCTION/MAIN.O       code   0x002007    program   0x000002



                              Program Memory Usage 
                               Start         End      
                           ---------   ---------      
                            0x000000    0x000027      
                            0x002007    0x002007      
            41 out of 1158 program addresses used, program memory utilization is 3%



                              Symbols - Sorted by Name
                     Name    Address   Location    Storage File                     
                ---------  ---------  ---------  --------- ---------                
                   ativar   0x00001c    program     static C:\Users\josen\MPLABXProjects\prensa.X\prensa.X\main.asm
                 delay_ms   0x000001    program     static C:\Users\josen\MPLABXProjects\prensa.X\prensa.X\main.asm
                  denovo1   0x000005    program     static C:\Users\josen\MPLABXProjects\prensa.X\prensa.X\main.asm
                  denovo2   0x000003    program     static C:\Users\josen\MPLABXProjects\prensa.X\prensa.X\main.asm
                   inicio   0x00000f    program     static C:\Users\josen\MPLABXProjects\prensa.X\prensa.X\main.asm
                    stand   0x000019    program     static C:\Users\josen\MPLABXProjects\prensa.X\prensa.X\main.asm
                    volta   0x000007    program     static C:\Users\josen\MPLABXProjects\prensa.X\prensa.X\main.asm



                              Symbols - Sorted by Address
                     Name    Address   Location    Storage File                     
                ---------  ---------  ---------  --------- ---------                
                 delay_ms   0x000001    program     static C:\Users\josen\MPLABXProjects\prensa.X\prensa.X\main.asm
                  denovo2   0x000003    program     static C:\Users\josen\MPLABXProjects\prensa.X\prensa.X\main.asm
                  denovo1   0x000005    program     static C:\Users\josen\MPLABXProjects\prensa.X\prensa.X\main.asm
                    volta   0x000007    program     static C:\Users\josen\MPLABXProjects\prensa.X\prensa.X\main.asm
                   inicio   0x00000f    program     static C:\Users\josen\MPLABXProjects\prensa.X\prensa.X\main.asm
                    stand   0x000019    program     static C:\Users\josen\MPLABXProjects\prensa.X\prensa.X\main.asm
                   ativar   0x00001c    program     static C:\Users\josen\MPLABXProjects\prensa.X\prensa.X\main.asm


